// Jest Snapshot v1, https://goo.gl/fbAQLP

exports[`PageChild should work with child component 1`] = `
"<section>outside string<header class=\\"\\">header<style>
        header {
          font-size: calc(1 * 16px);
          width: 100%;
          height: auto;
          padding: 0 0 0 0;
          margin: 0 0 0 0;
        }

        .center {
          display: flex;
          justify-content: center;
          align-items: center;
        }
      </style></header><main class=\\"\\">content<style>
        main {
          font-size: calc(1 * 16px);
          width: 100%;
          height: 100%;
          padding: calc(3.125 * 16px) 0 calc(3.125 * 16px) 0;
          margin: 0 0 0 0;
        }
      </style></main><footer class=\\"\\">Footer<style>
        footer {
          position: absolute;
          bottom: 0;
          font-size: calc(1 * 16px);
          width: 100%;
          height: auto;
          padding: 0 0 0 0;
          margin: 0 0 0 0;
        }
      </style></footer>outside string<style>
        section {
          max-width: 100vw;
          min-height: 100vh;
          box-sizing: border-box;
          position: relative;
          font-size: calc(1 * 16px);
          width: calc(100% - 100pt);
          height: auto;
          padding: 0 calc(1.34 * 16px) 0 calc(1.34 * 16px);
          margin: 0 auto 0
            auto;
        }
      </style></section>"
`;
