// Jest Snapshot v1, https://goo.gl/fbAQLP

exports[`InputPassword should render correctly 1`] = `
"<div class=\\"with-label\\"><div class=\\"input-container\\"><div class=\\"input-wrapper\\"><input type=\\"password\\" class=\\"right-icon\\" placeholder=\\"\\" autocomplete=\\"off\\" value=\\"\\"><span class=\\"input-icon\\"><svg viewBox=\\"0 0 24 24\\" stroke=\\"currentColor\\" stroke-width=\\"1.5\\" stroke-linecap=\\"round\\" stroke-linejoin=\\"round\\" fill=\\"none\\" shape-rendering=\\"geometricPrecision\\" style=\\"color: currentColor;\\"><path d=\\"M1 12s4-8 11-8 11 8 11 8-4 8-11 8-11-8-11-8z\\"></path><circle cx=\\"12\\" cy=\\"12\\" r=\\"3\\"></circle></svg><style>
        .input-icon {
          box-sizing: border-box;
          display: inline-flex;
          width: calc(var(--input-height) - 2px);
          flex-shrink: 0;
          height: 100%;
          align-items: center;
          justify-content: center;
          margin: 0;
          padding: 0;
          line-height: 1;
          position: relative;
          cursor: pointer;
          pointer-events: auto;
        }
        .input-icon :global(svg) {
          width: calc(var(--input-height) - 2px);
          height: calc(var(--input-height) - 2px);
          transform: scale(0.44);
        }
      </style></span></div></div><style>
          .with-label {
            display: inline-block;
            box-sizing: border-box;
            -webkit-box-align: center;
            --input-height: calc(2.25 * 16px);
            font-size: calc(0.875 * 16px);
            width: initial;
            padding: 0 0 0 0;
            margin: 0 0 0 0;
          }

          .input-container {
            display: inline-flex;
            align-items: center;
            width: initial;
            height: var(--input-height);
          }

          .input-wrapper {
            display: inline-flex;
            vertical-align: middle;
            align-items: center;
            height: 100%;
            flex: 1;
            user-select: none;
            border-radius: 6px;
            border: 1px solid #eaeaea;
            transition: border 0.2s ease 0s, color 0.2s ease 0s;
          }

          .input-wrapper.left-label {
            border-top-left-radius: 0;
            border-bottom-left-radius: 0;
          }

          .input-wrapper.right-label {
            border-top-right-radius: 0;
            border-bottom-right-radius: 0;
          }

          .input-wrapper.disabled {
            background-color: #fafafa;
            border-color: #eaeaea;
            cursor: not-allowed;
          }

          input.disabled {
            cursor: not-allowed;
          }

          .input-wrapper.hover {
            border-color: #666;
          }

          input {
            margin: 0.25em 0.625em;
            padding: 0;
            box-shadow: none;
            font-size: calc(0.875 * 16px);
            background-color: transparent;
            border: none;
            color: #000;
            outline: none;
            border-radius: 0;
            width: 100%;
            min-width: 0;
            -webkit-appearance: none;
          }

          input.left-icon {
            margin-left: 0;
          }

          input.right-icon {
            margin-right: 0;
          }

          ::placeholder,
          ::-moz-placeholder,
          :-ms-input-placeholder,
          ::-webkit-input-placeholder {
            color: #999;
          }

          ::-ms-reveal {
            display: none !important;
          }

          input:-webkit-autofill,
          input:-webkit-autofill:hover,
          input:-webkit-autofill:active,
          input:-webkit-autofill:focus {
            -webkit-box-shadow: 0 0 0 30px #fff inset !important;
            -webkit-text-fill-color: #000 !important;
          }
        </style></div>"
`;
