// Jest Snapshot v1, https://goo.gl/fbAQLP

exports[`Backdrop should render correctly 1`] = `
"<div class=\\"backdrop  backdrop-wrapper-enter\\"><div class=\\"layer\\"></div><div class=\\"position\\"><span>test-value</span></div><style>
            .backdrop {
              position: fixed;
              top: 0;
              left: 0;
              right: 0;
              bottom: 0;
              overflow: auto;
              z-index: 1000;
              -webkit-overflow-scrolling: touch;
              box-sizing: border-box;
              text-align: center;
            }
            .position {
              position: relative;
              z-index: 1001;
              outline: none;
              max-width: 90%;
              width: undefined;
              margin: 20px auto;
              vertical-align: middle;
              display: inline-block;
            }
            .backdrop:before {
              display: inline-block;
              width: 0;
              height: 100%;
              vertical-align: middle;
              content: '';
            }
            .layer {
              position: fixed;
              top: 0;
              left: 0;
              right: 0;
              bottom: 0;
              width: 100%;
              height: 100%;
              opacity: 0.25;
              background-color: black;
              transition: opacity 0.35s cubic-bezier(0.4, 0, 0.2, 1);
              pointer-events: none;
              z-index: 1000;
            }
            .backdrop-wrapper-enter .layer {
              opacity: 0;
            }
            .backdrop-wrapper-enter-active .layer {
              opacity: 0.25;
            }
            .backdrop-wrapper-leave .layer {
              opacity: 0.25;
            }
            .backdrop-wrapper-leave-active .layer {
              opacity: 0;
            }
          </style></div>"
`;
