// Jest Snapshot v1, https://goo.gl/fbAQLP

exports[`CssTransition should render correctly 1`] = `"<span class=\\"undefined  transition-enter\\">test</span>"`;
