// Jest Snapshot v1, https://goo.gl/fbAQLP

exports[`Link should render correctly 1`] = `
"<div><a class=\\"link\\" href=\\"https://geist-ui.dev\\">link<style>
          .link {
            display: inline-flex;
            align-items: baseline;
            line-height: inherit;
            color: inherit;
            text-decoration: none;
            border-radius: 0;
            transition: color 200ms ease 0ms;
            font-size: inherit;
            width: fit-content;
            height: auto;
            margin: 0 0 0 0;
            padding: 0 0 0 0;
          }
          .block {
            padding: calc(0.125 * 16px) calc(0.25 * 16px) calc(0.125 * 16px)
              calc(0.25 * 16px);
            margin: 0 calc(-0.125 * 16px) 0
              calc(-0.125 * 16px);
          }

          .link:hover,
          .link:active,
          .link:focus {
            text-decoration: none;
          }

          .link:hover {
            background-color: unset;
            color: inherit;
          }
        </style></a><a class=\\"link\\" href=\\"https://geist-ui.dev\\">link<style>
          .link {
            display: inline-flex;
            align-items: baseline;
            line-height: inherit;
            color: #0070f3;
            text-decoration: none;
            border-radius: 0;
            transition: color 200ms ease 0ms;
            font-size: inherit;
            width: fit-content;
            height: auto;
            margin: 0 0 0 0;
            padding: 0 0 0 0;
          }
          .block {
            padding: calc(0.125 * 16px) calc(0.25 * 16px) calc(0.125 * 16px)
              calc(0.25 * 16px);
            margin: 0 calc(-0.125 * 16px) 0
              calc(-0.125 * 16px);
          }

          .link:hover,
          .link:active,
          .link:focus {
            text-decoration: none;
          }

          .link:hover {
            background-color: unset;
            color: #3291ff;
          }
        </style></a><a class=\\"link\\" href=\\"https://geist-ui.dev\\">link<svg viewBox=\\"0 0 24 24\\" width=\\"0.9375em\\" height=\\"0.9375em\\" stroke=\\"currentColor\\" stroke-width=\\"1.5\\" stroke-linecap=\\"round\\" stroke-linejoin=\\"round\\" fill=\\"none\\" shape-rendering=\\"geometricPrecision\\" class=\\"icon\\"><path d=\\"M18 13v6a2 2 0 01-2 2H5a2 2 0 01-2-2V8a2 2 0 012-2h6\\"></path><path d=\\"M15 3h6v6\\"></path><path d=\\"M10 14L21 3\\"></path><style>
        .icon {
          margin: 0 0 -1px 0.1875em;
          display: inline-flex;
          align-self: center;
          color: currentColor;
        }
      </style></svg><style>
          .link {
            display: inline-flex;
            align-items: baseline;
            line-height: inherit;
            color: inherit;
            text-decoration: none;
            border-radius: 0;
            transition: color 200ms ease 0ms;
            font-size: inherit;
            width: fit-content;
            height: auto;
            margin: 0 0 0 0;
            padding: 0 0 0 0;
          }
          .block {
            padding: calc(0.125 * 16px) calc(0.25 * 16px) calc(0.125 * 16px)
              calc(0.25 * 16px);
            margin: 0 calc(-0.125 * 16px) 0
              calc(-0.125 * 16px);
          }

          .link:hover,
          .link:active,
          .link:focus {
            text-decoration: none;
          }

          .link:hover {
            background-color: unset;
            color: inherit;
          }
        </style></a><a class=\\"link\\" href=\\"https://geist-ui.dev\\">link<style>
          .link {
            display: inline-flex;
            align-items: baseline;
            line-height: inherit;
            color: inherit;
            text-decoration: none;
            border-radius: 0;
            transition: color 200ms ease 0ms;
            font-size: inherit;
            width: fit-content;
            height: auto;
            margin: 0 0 0 0;
            padding: 0 0 0 0;
          }
          .block {
            padding: calc(0.125 * 16px) calc(0.25 * 16px) calc(0.125 * 16px)
              calc(0.25 * 16px);
            margin: 0 calc(-0.125 * 16px) 0
              calc(-0.125 * 16px);
          }

          .link:hover,
          .link:active,
          .link:focus {
            text-decoration: underline;
          }

          .link:hover {
            background-color: unset;
            color: inherit;
          }
        </style></a><a class=\\"link block\\" href=\\"https://geist-ui.dev\\">link<style>
          .link {
            display: inline-flex;
            align-items: baseline;
            line-height: inherit;
            color: #0070f3;
            text-decoration: none;
            border-radius: 6px;
            transition: color 200ms ease 0ms;
            font-size: inherit;
            width: fit-content;
            height: auto;
            margin: 0 0 0 0;
            padding: 0 0 0 0;
          }
          .block {
            padding: calc(0.125 * 16px) calc(0.25 * 16px) calc(0.125 * 16px)
              calc(0.25 * 16px);
            margin: 0 calc(-0.125 * 16px) 0
              calc(-0.125 * 16px);
          }

          .link:hover,
          .link:active,
          .link:focus {
            text-decoration: none;
          }

          .link:hover {
            background-color: rgba(0, 112, 243, 0.1);
            color: #3291ff;
          }
        </style></a></div>"
`;
