// Jest Snapshot v1, https://goo.gl/fbAQLP

exports[`Popover should render react-node 1`] = `
"<div class=\\"tooltip\\"><div></div><style>
          :global(.tooltip-content.popover > .inner) {
            padding: calc(0.9 * 16px) 0 calc(0.9 * 16px) 0;
          }
        </style><style>
        .tooltip {
          width: max-content;
          display: inline-block;
        }
      </style></div>"
`;

exports[`Popover should work with different placement 1`] = `
"<div class=\\"tooltip\\"><div></div><style>
          :global(.tooltip-content.popover > .inner) {
            padding: calc(0.9 * 16px) 0 calc(0.9 * 16px) 0;
          }
        </style><style>
        .tooltip {
          width: max-content;
          display: inline-block;
        }
      </style></div>"
`;
