// Jest Snapshot v1, https://goo.gl/fbAQLP

exports[`Checkbox should render correctly 1`] = `
initialize {
  "0": Node {
    "attribs": Object {
      "class": "",
    },
    "children": Array [
      Node {
        "attribs": Object {
          "fill": "none",
          "viewBox": "0 0 12 12",
          "xmlns": "http://www.w3.org/2000/svg",
        },
        "children": Array [
          Node {
            "attribs": Object {
              "d": "M8.5 0.5H3.5C1.84315 0.5 0.5 1.84315 0.5 3.5V8.5C0.5 10.1569 1.84315 11.5 3.5 11.5H8.5C10.1569 11.5 11.5 10.1569 11.5 8.5V3.5C11.5 1.84315 10.1569 0.5 8.5 0.5Z",
              "stroke": "#666",
            },
            "children": Array [],
            "name": "path",
            "namespace": "http://www.w3.org/2000/svg",
            "next": null,
            "parent": [Circular],
            "prev": null,
            "type": "tag",
            "x-attribsNamespace": Object {
              "d": undefined,
              "stroke": undefined,
            },
            "x-attribsPrefix": Object {
              "d": undefined,
              "stroke": undefined,
            },
          },
        ],
        "name": "svg",
        "namespace": "http://www.w3.org/2000/svg",
        "next": Node {
          "attribs": Object {},
          "children": Array [
            Node {
              "data": "
        svg {
          display: inline-flex;
          width: calc(0.86 * var(--checkbox-size));
          height: calc(0.86 * var(--checkbox-size));
          user-select: none;
          opacity: 1;
          cursor: pointer;
        }
      ",
              "next": null,
              "parent": [Circular],
              "prev": null,
              "type": "text",
            },
          ],
          "name": "style",
          "namespace": "http://www.w3.org/1999/xhtml",
          "next": Node {
            "attribs": Object {
              "type": "checkbox",
            },
            "children": Array [],
            "name": "input",
            "namespace": "http://www.w3.org/1999/xhtml",
            "next": Node {
              "attribs": Object {
                "class": "text",
              },
              "children": Array [
                Node {
                  "data": "Sydney",
                  "next": null,
                  "parent": [Circular],
                  "prev": null,
                  "type": "text",
                },
              ],
              "name": "span",
              "namespace": "http://www.w3.org/1999/xhtml",
              "next": Node {
                "attribs": Object {},
                "children": Array [
                  Node {
                    "data": "
          label {
            --checkbox-size: .875rem;
            display: inline-flex;
            justify-content: center;
            align-items: center;
            width: auto;
            cursor: pointer;
            opacity: 1;
            height: var(--checkbox-size);
            line-height: var(--checkbox-size);
          }

          .text {
            font-size: var(--checkbox-size);
            line-height: var(--checkbox-size);
            padding-left: calc(var(--checkbox-size) * 0.57);
            user-select: none;
            cursor: pointer;
          }

          input {
            opacity: 0;
            outline: none;
            position: absolute;
            width: 0;
            height: 0;
            margin: 0;
            padding: 0;
            z-index: -1;
            background-color: transparent;
          }
        ",
                    "next": null,
                    "parent": [Circular],
                    "prev": null,
                    "type": "text",
                  },
                ],
                "name": "style",
                "namespace": "http://www.w3.org/1999/xhtml",
                "next": null,
                "parent": [Circular],
                "prev": [Circular],
                "type": "style",
                "x-attribsNamespace": Object {},
                "x-attribsPrefix": Object {},
              },
              "parent": [Circular],
              "prev": [Circular],
              "type": "tag",
              "x-attribsNamespace": Object {
                "class": undefined,
              },
              "x-attribsPrefix": Object {
                "class": undefined,
              },
            },
            "parent": [Circular],
            "prev": [Circular],
            "type": "tag",
            "x-attribsNamespace": Object {
              "type": undefined,
            },
            "x-attribsPrefix": Object {
              "type": undefined,
            },
          },
          "parent": [Circular],
          "prev": [Circular],
          "type": "style",
          "x-attribsNamespace": Object {},
          "x-attribsPrefix": Object {},
        },
        "parent": [Circular],
        "prev": null,
        "type": "tag",
        "x-attribsNamespace": Object {
          "fill": undefined,
          "viewBox": undefined,
          "xmlns": "http://www.w3.org/2000/xmlns/",
        },
        "x-attribsPrefix": Object {
          "fill": undefined,
          "viewBox": undefined,
          "xmlns": "",
        },
      },
      Node {
        "attribs": Object {},
        "children": Array [
          Node {
            "data": "
        svg {
          display: inline-flex;
          width: calc(0.86 * var(--checkbox-size));
          height: calc(0.86 * var(--checkbox-size));
          user-select: none;
          opacity: 1;
          cursor: pointer;
        }
      ",
            "next": null,
            "parent": [Circular],
            "prev": null,
            "type": "text",
          },
        ],
        "name": "style",
        "namespace": "http://www.w3.org/1999/xhtml",
        "next": Node {
          "attribs": Object {
            "type": "checkbox",
          },
          "children": Array [],
          "name": "input",
          "namespace": "http://www.w3.org/1999/xhtml",
          "next": Node {
            "attribs": Object {
              "class": "text",
            },
            "children": Array [
              Node {
                "data": "Sydney",
                "next": null,
                "parent": [Circular],
                "prev": null,
                "type": "text",
              },
            ],
            "name": "span",
            "namespace": "http://www.w3.org/1999/xhtml",
            "next": Node {
              "attribs": Object {},
              "children": Array [
                Node {
                  "data": "
          label {
            --checkbox-size: .875rem;
            display: inline-flex;
            justify-content: center;
            align-items: center;
            width: auto;
            cursor: pointer;
            opacity: 1;
            height: var(--checkbox-size);
            line-height: var(--checkbox-size);
          }

          .text {
            font-size: var(--checkbox-size);
            line-height: var(--checkbox-size);
            padding-left: calc(var(--checkbox-size) * 0.57);
            user-select: none;
            cursor: pointer;
          }

          input {
            opacity: 0;
            outline: none;
            position: absolute;
            width: 0;
            height: 0;
            margin: 0;
            padding: 0;
            z-index: -1;
            background-color: transparent;
          }
        ",
                  "next": null,
                  "parent": [Circular],
                  "prev": null,
                  "type": "text",
                },
              ],
              "name": "style",
              "namespace": "http://www.w3.org/1999/xhtml",
              "next": null,
              "parent": [Circular],
              "prev": [Circular],
              "type": "style",
              "x-attribsNamespace": Object {},
              "x-attribsPrefix": Object {},
            },
            "parent": [Circular],
            "prev": [Circular],
            "type": "tag",
            "x-attribsNamespace": Object {
              "class": undefined,
            },
            "x-attribsPrefix": Object {
              "class": undefined,
            },
          },
          "parent": [Circular],
          "prev": [Circular],
          "type": "tag",
          "x-attribsNamespace": Object {
            "type": undefined,
          },
          "x-attribsPrefix": Object {
            "type": undefined,
          },
        },
        "parent": [Circular],
        "prev": Node {
          "attribs": Object {
            "fill": "none",
            "viewBox": "0 0 12 12",
            "xmlns": "http://www.w3.org/2000/svg",
          },
          "children": Array [
            Node {
              "attribs": Object {
                "d": "M8.5 0.5H3.5C1.84315 0.5 0.5 1.84315 0.5 3.5V8.5C0.5 10.1569 1.84315 11.5 3.5 11.5H8.5C10.1569 11.5 11.5 10.1569 11.5 8.5V3.5C11.5 1.84315 10.1569 0.5 8.5 0.5Z",
                "stroke": "#666",
              },
              "children": Array [],
              "name": "path",
              "namespace": "http://www.w3.org/2000/svg",
              "next": null,
              "parent": [Circular],
              "prev": null,
              "type": "tag",
              "x-attribsNamespace": Object {
                "d": undefined,
                "stroke": undefined,
              },
              "x-attribsPrefix": Object {
                "d": undefined,
                "stroke": undefined,
              },
            },
          ],
          "name": "svg",
          "namespace": "http://www.w3.org/2000/svg",
          "next": [Circular],
          "parent": [Circular],
          "prev": null,
          "type": "tag",
          "x-attribsNamespace": Object {
            "fill": undefined,
            "viewBox": undefined,
            "xmlns": "http://www.w3.org/2000/xmlns/",
          },
          "x-attribsPrefix": Object {
            "fill": undefined,
            "viewBox": undefined,
            "xmlns": "",
          },
        },
        "type": "style",
        "x-attribsNamespace": Object {},
        "x-attribsPrefix": Object {},
      },
      Node {
        "attribs": Object {
          "type": "checkbox",
        },
        "children": Array [],
        "name": "input",
        "namespace": "http://www.w3.org/1999/xhtml",
        "next": Node {
          "attribs": Object {
            "class": "text",
          },
          "children": Array [
            Node {
              "data": "Sydney",
              "next": null,
              "parent": [Circular],
              "prev": null,
              "type": "text",
            },
          ],
          "name": "span",
          "namespace": "http://www.w3.org/1999/xhtml",
          "next": Node {
            "attribs": Object {},
            "children": Array [
              Node {
                "data": "
          label {
            --checkbox-size: .875rem;
            display: inline-flex;
            justify-content: center;
            align-items: center;
            width: auto;
            cursor: pointer;
            opacity: 1;
            height: var(--checkbox-size);
            line-height: var(--checkbox-size);
          }

          .text {
            font-size: var(--checkbox-size);
            line-height: var(--checkbox-size);
            padding-left: calc(var(--checkbox-size) * 0.57);
            user-select: none;
            cursor: pointer;
          }

          input {
            opacity: 0;
            outline: none;
            position: absolute;
            width: 0;
            height: 0;
            margin: 0;
            padding: 0;
            z-index: -1;
            background-color: transparent;
          }
        ",
                "next": null,
                "parent": [Circular],
                "prev": null,
                "type": "text",
              },
            ],
            "name": "style",
            "namespace": "http://www.w3.org/1999/xhtml",
            "next": null,
            "parent": [Circular],
            "prev": [Circular],
            "type": "style",
            "x-attribsNamespace": Object {},
            "x-attribsPrefix": Object {},
          },
          "parent": [Circular],
          "prev": [Circular],
          "type": "tag",
          "x-attribsNamespace": Object {
            "class": undefined,
          },
          "x-attribsPrefix": Object {
            "class": undefined,
          },
        },
        "parent": [Circular],
        "prev": Node {
          "attribs": Object {},
          "children": Array [
            Node {
              "data": "
        svg {
          display: inline-flex;
          width: calc(0.86 * var(--checkbox-size));
          height: calc(0.86 * var(--checkbox-size));
          user-select: none;
          opacity: 1;
          cursor: pointer;
        }
      ",
              "next": null,
              "parent": [Circular],
              "prev": null,
              "type": "text",
            },
          ],
          "name": "style",
          "namespace": "http://www.w3.org/1999/xhtml",
          "next": [Circular],
          "parent": [Circular],
          "prev": Node {
            "attribs": Object {
              "fill": "none",
              "viewBox": "0 0 12 12",
              "xmlns": "http://www.w3.org/2000/svg",
            },
            "children": Array [
              Node {
                "attribs": Object {
                  "d": "M8.5 0.5H3.5C1.84315 0.5 0.5 1.84315 0.5 3.5V8.5C0.5 10.1569 1.84315 11.5 3.5 11.5H8.5C10.1569 11.5 11.5 10.1569 11.5 8.5V3.5C11.5 1.84315 10.1569 0.5 8.5 0.5Z",
                  "stroke": "#666",
                },
                "children": Array [],
                "name": "path",
                "namespace": "http://www.w3.org/2000/svg",
                "next": null,
                "parent": [Circular],
                "prev": null,
                "type": "tag",
                "x-attribsNamespace": Object {
                  "d": undefined,
                  "stroke": undefined,
                },
                "x-attribsPrefix": Object {
                  "d": undefined,
                  "stroke": undefined,
                },
              },
            ],
            "name": "svg",
            "namespace": "http://www.w3.org/2000/svg",
            "next": [Circular],
            "parent": [Circular],
            "prev": null,
            "type": "tag",
            "x-attribsNamespace": Object {
              "fill": undefined,
              "viewBox": undefined,
              "xmlns": "http://www.w3.org/2000/xmlns/",
            },
            "x-attribsPrefix": Object {
              "fill": undefined,
              "viewBox": undefined,
              "xmlns": "",
            },
          },
          "type": "style",
          "x-attribsNamespace": Object {},
          "x-attribsPrefix": Object {},
        },
        "type": "tag",
        "x-attribsNamespace": Object {
          "type": undefined,
        },
        "x-attribsPrefix": Object {
          "type": undefined,
        },
      },
      Node {
        "attribs": Object {
          "class": "text",
        },
        "children": Array [
          Node {
            "data": "Sydney",
            "next": null,
            "parent": [Circular],
            "prev": null,
            "type": "text",
          },
        ],
        "name": "span",
        "namespace": "http://www.w3.org/1999/xhtml",
        "next": Node {
          "attribs": Object {},
          "children": Array [
            Node {
              "data": "
          label {
            --checkbox-size: .875rem;
            display: inline-flex;
            justify-content: center;
            align-items: center;
            width: auto;
            cursor: pointer;
            opacity: 1;
            height: var(--checkbox-size);
            line-height: var(--checkbox-size);
          }

          .text {
            font-size: var(--checkbox-size);
            line-height: var(--checkbox-size);
            padding-left: calc(var(--checkbox-size) * 0.57);
            user-select: none;
            cursor: pointer;
          }

          input {
            opacity: 0;
            outline: none;
            position: absolute;
            width: 0;
            height: 0;
            margin: 0;
            padding: 0;
            z-index: -1;
            background-color: transparent;
          }
        ",
              "next": null,
              "parent": [Circular],
              "prev": null,
              "type": "text",
            },
          ],
          "name": "style",
          "namespace": "http://www.w3.org/1999/xhtml",
          "next": null,
          "parent": [Circular],
          "prev": [Circular],
          "type": "style",
          "x-attribsNamespace": Object {},
          "x-attribsPrefix": Object {},
        },
        "parent": [Circular],
        "prev": Node {
          "attribs": Object {
            "type": "checkbox",
          },
          "children": Array [],
          "name": "input",
          "namespace": "http://www.w3.org/1999/xhtml",
          "next": [Circular],
          "parent": [Circular],
          "prev": Node {
            "attribs": Object {},
            "children": Array [
              Node {
                "data": "
        svg {
          display: inline-flex;
          width: calc(0.86 * var(--checkbox-size));
          height: calc(0.86 * var(--checkbox-size));
          user-select: none;
          opacity: 1;
          cursor: pointer;
        }
      ",
                "next": null,
                "parent": [Circular],
                "prev": null,
                "type": "text",
              },
            ],
            "name": "style",
            "namespace": "http://www.w3.org/1999/xhtml",
            "next": [Circular],
            "parent": [Circular],
            "prev": Node {
              "attribs": Object {
                "fill": "none",
                "viewBox": "0 0 12 12",
                "xmlns": "http://www.w3.org/2000/svg",
              },
              "children": Array [
                Node {
                  "attribs": Object {
                    "d": "M8.5 0.5H3.5C1.84315 0.5 0.5 1.84315 0.5 3.5V8.5C0.5 10.1569 1.84315 11.5 3.5 11.5H8.5C10.1569 11.5 11.5 10.1569 11.5 8.5V3.5C11.5 1.84315 10.1569 0.5 8.5 0.5Z",
                    "stroke": "#666",
                  },
                  "children": Array [],
                  "name": "path",
                  "namespace": "http://www.w3.org/2000/svg",
                  "next": null,
                  "parent": [Circular],
                  "prev": null,
                  "type": "tag",
                  "x-attribsNamespace": Object {
                    "d": undefined,
                    "stroke": undefined,
                  },
                  "x-attribsPrefix": Object {
                    "d": undefined,
                    "stroke": undefined,
                  },
                },
              ],
              "name": "svg",
              "namespace": "http://www.w3.org/2000/svg",
              "next": [Circular],
              "parent": [Circular],
              "prev": null,
              "type": "tag",
              "x-attribsNamespace": Object {
                "fill": undefined,
                "viewBox": undefined,
                "xmlns": "http://www.w3.org/2000/xmlns/",
              },
              "x-attribsPrefix": Object {
                "fill": undefined,
                "viewBox": undefined,
                "xmlns": "",
              },
            },
            "type": "style",
            "x-attribsNamespace": Object {},
            "x-attribsPrefix": Object {},
          },
          "type": "tag",
          "x-attribsNamespace": Object {
            "type": undefined,
          },
          "x-attribsPrefix": Object {
            "type": undefined,
          },
        },
        "type": "tag",
        "x-attribsNamespace": Object {
          "class": undefined,
        },
        "x-attribsPrefix": Object {
          "class": undefined,
        },
      },
      Node {
        "attribs": Object {},
        "children": Array [
          Node {
            "data": "
          label {
            --checkbox-size: .875rem;
            display: inline-flex;
            justify-content: center;
            align-items: center;
            width: auto;
            cursor: pointer;
            opacity: 1;
            height: var(--checkbox-size);
            line-height: var(--checkbox-size);
          }

          .text {
            font-size: var(--checkbox-size);
            line-height: var(--checkbox-size);
            padding-left: calc(var(--checkbox-size) * 0.57);
            user-select: none;
            cursor: pointer;
          }

          input {
            opacity: 0;
            outline: none;
            position: absolute;
            width: 0;
            height: 0;
            margin: 0;
            padding: 0;
            z-index: -1;
            background-color: transparent;
          }
        ",
            "next": null,
            "parent": [Circular],
            "prev": null,
            "type": "text",
          },
        ],
        "name": "style",
        "namespace": "http://www.w3.org/1999/xhtml",
        "next": null,
        "parent": [Circular],
        "prev": Node {
          "attribs": Object {
            "class": "text",
          },
          "children": Array [
            Node {
              "data": "Sydney",
              "next": null,
              "parent": [Circular],
              "prev": null,
              "type": "text",
            },
          ],
          "name": "span",
          "namespace": "http://www.w3.org/1999/xhtml",
          "next": [Circular],
          "parent": [Circular],
          "prev": Node {
            "attribs": Object {
              "type": "checkbox",
            },
            "children": Array [],
            "name": "input",
            "namespace": "http://www.w3.org/1999/xhtml",
            "next": [Circular],
            "parent": [Circular],
            "prev": Node {
              "attribs": Object {},
              "children": Array [
                Node {
                  "data": "
        svg {
          display: inline-flex;
          width: calc(0.86 * var(--checkbox-size));
          height: calc(0.86 * var(--checkbox-size));
          user-select: none;
          opacity: 1;
          cursor: pointer;
        }
      ",
                  "next": null,
                  "parent": [Circular],
                  "prev": null,
                  "type": "text",
                },
              ],
              "name": "style",
              "namespace": "http://www.w3.org/1999/xhtml",
              "next": [Circular],
              "parent": [Circular],
              "prev": Node {
                "attribs": Object {
                  "fill": "none",
                  "viewBox": "0 0 12 12",
                  "xmlns": "http://www.w3.org/2000/svg",
                },
                "children": Array [
                  Node {
                    "attribs": Object {
                      "d": "M8.5 0.5H3.5C1.84315 0.5 0.5 1.84315 0.5 3.5V8.5C0.5 10.1569 1.84315 11.5 3.5 11.5H8.5C10.1569 11.5 11.5 10.1569 11.5 8.5V3.5C11.5 1.84315 10.1569 0.5 8.5 0.5Z",
                      "stroke": "#666",
                    },
                    "children": Array [],
                    "name": "path",
                    "namespace": "http://www.w3.org/2000/svg",
                    "next": null,
                    "parent": [Circular],
                    "prev": null,
                    "type": "tag",
                    "x-attribsNamespace": Object {
                      "d": undefined,
                      "stroke": undefined,
                    },
                    "x-attribsPrefix": Object {
                      "d": undefined,
                      "stroke": undefined,
                    },
                  },
                ],
                "name": "svg",
                "namespace": "http://www.w3.org/2000/svg",
                "next": [Circular],
                "parent": [Circular],
                "prev": null,
                "type": "tag",
                "x-attribsNamespace": Object {
                  "fill": undefined,
                  "viewBox": undefined,
                  "xmlns": "http://www.w3.org/2000/xmlns/",
                },
                "x-attribsPrefix": Object {
                  "fill": undefined,
                  "viewBox": undefined,
                  "xmlns": "",
                },
              },
              "type": "style",
              "x-attribsNamespace": Object {},
              "x-attribsPrefix": Object {},
            },
            "type": "tag",
            "x-attribsNamespace": Object {
              "type": undefined,
            },
            "x-attribsPrefix": Object {
              "type": undefined,
            },
          },
          "type": "tag",
          "x-attribsNamespace": Object {
            "class": undefined,
          },
          "x-attribsPrefix": Object {
            "class": undefined,
          },
        },
        "type": "style",
        "x-attribsNamespace": Object {},
        "x-attribsPrefix": Object {},
      },
    ],
    "name": "label",
    "namespace": "http://www.w3.org/1999/xhtml",
    "next": null,
    "parent": Node {
      "children": Array [
        [Circular],
      ],
      "name": "root",
      "next": null,
      "parent": null,
      "prev": null,
      "type": "root",
    },
    "prev": null,
    "type": "tag",
    "x-attribsNamespace": Object {
      "class": undefined,
    },
    "x-attribsPrefix": Object {
      "class": undefined,
    },
  },
  "_root": [Circular],
  "length": 1,
  "options": Object {
    "decodeEntities": true,
    "xml": false,
  },
}
`;

exports[`Checkbox should work correctly with different sizes 1`] = `
"<div><label class=\\"\\"><svg xmlns=\\"http://www.w3.org/2000/svg\\" viewBox=\\"0 0 12 12\\" fill=\\"none\\"><path d=\\"M8.5 0.5H3.5C1.84315 0.5 0.5 1.84315 0.5 3.5V8.5C0.5 10.1569 1.84315 11.5 3.5 11.5H8.5C10.1569 11.5 11.5 10.1569 11.5 8.5V3.5C11.5 1.84315 10.1569 0.5 8.5 0.5Z\\" stroke=\\"#666\\"></path></svg><style>
        svg {
          display: inline-flex;
          width: calc(0.86 * var(--checkbox-size));
          height: calc(0.86 * var(--checkbox-size));
          user-select: none;
          opacity: 1;
          cursor: pointer;
        }
      </style><input type=\\"checkbox\\"><span class=\\"text\\">mini</span><style>
          label {
            --checkbox-size: .75rem;
            display: inline-flex;
            justify-content: center;
            align-items: center;
            width: auto;
            cursor: pointer;
            opacity: 1;
            height: var(--checkbox-size);
            line-height: var(--checkbox-size);
          }

          .text {
            font-size: var(--checkbox-size);
            line-height: var(--checkbox-size);
            padding-left: calc(var(--checkbox-size) * 0.57);
            user-select: none;
            cursor: pointer;
          }

          input {
            opacity: 0;
            outline: none;
            position: absolute;
            width: 0;
            height: 0;
            margin: 0;
            padding: 0;
            z-index: -1;
            background-color: transparent;
          }
        </style></label><label class=\\"\\"><svg xmlns=\\"http://www.w3.org/2000/svg\\" viewBox=\\"0 0 12 12\\" fill=\\"none\\"><path d=\\"M8.5 0.5H3.5C1.84315 0.5 0.5 1.84315 0.5 3.5V8.5C0.5 10.1569 1.84315 11.5 3.5 11.5H8.5C10.1569 11.5 11.5 10.1569 11.5 8.5V3.5C11.5 1.84315 10.1569 0.5 8.5 0.5Z\\" stroke=\\"#666\\"></path></svg><style>
        svg {
          display: inline-flex;
          width: calc(0.86 * var(--checkbox-size));
          height: calc(0.86 * var(--checkbox-size));
          user-select: none;
          opacity: 1;
          cursor: pointer;
        }
      </style><input type=\\"checkbox\\"><span class=\\"text\\">small</span><style>
          label {
            --checkbox-size: .875rem;
            display: inline-flex;
            justify-content: center;
            align-items: center;
            width: auto;
            cursor: pointer;
            opacity: 1;
            height: var(--checkbox-size);
            line-height: var(--checkbox-size);
          }

          .text {
            font-size: var(--checkbox-size);
            line-height: var(--checkbox-size);
            padding-left: calc(var(--checkbox-size) * 0.57);
            user-select: none;
            cursor: pointer;
          }

          input {
            opacity: 0;
            outline: none;
            position: absolute;
            width: 0;
            height: 0;
            margin: 0;
            padding: 0;
            z-index: -1;
            background-color: transparent;
          }
        </style></label><label class=\\"\\"><svg xmlns=\\"http://www.w3.org/2000/svg\\" viewBox=\\"0 0 12 12\\" fill=\\"none\\"><path d=\\"M8.5 0.5H3.5C1.84315 0.5 0.5 1.84315 0.5 3.5V8.5C0.5 10.1569 1.84315 11.5 3.5 11.5H8.5C10.1569 11.5 11.5 10.1569 11.5 8.5V3.5C11.5 1.84315 10.1569 0.5 8.5 0.5Z\\" stroke=\\"#666\\"></path></svg><style>
        svg {
          display: inline-flex;
          width: calc(0.86 * var(--checkbox-size));
          height: calc(0.86 * var(--checkbox-size));
          user-select: none;
          opacity: 1;
          cursor: pointer;
        }
      </style><input type=\\"checkbox\\"><span class=\\"text\\">medium</span><style>
          label {
            --checkbox-size: 1rem;
            display: inline-flex;
            justify-content: center;
            align-items: center;
            width: auto;
            cursor: pointer;
            opacity: 1;
            height: var(--checkbox-size);
            line-height: var(--checkbox-size);
          }

          .text {
            font-size: var(--checkbox-size);
            line-height: var(--checkbox-size);
            padding-left: calc(var(--checkbox-size) * 0.57);
            user-select: none;
            cursor: pointer;
          }

          input {
            opacity: 0;
            outline: none;
            position: absolute;
            width: 0;
            height: 0;
            margin: 0;
            padding: 0;
            z-index: -1;
            background-color: transparent;
          }
        </style></label><label class=\\"\\"><svg xmlns=\\"http://www.w3.org/2000/svg\\" viewBox=\\"0 0 12 12\\" fill=\\"none\\"><path d=\\"M8.5 0.5H3.5C1.84315 0.5 0.5 1.84315 0.5 3.5V8.5C0.5 10.1569 1.84315 11.5 3.5 11.5H8.5C10.1569 11.5 11.5 10.1569 11.5 8.5V3.5C11.5 1.84315 10.1569 0.5 8.5 0.5Z\\" stroke=\\"#666\\"></path></svg><style>
        svg {
          display: inline-flex;
          width: calc(0.86 * var(--checkbox-size));
          height: calc(0.86 * var(--checkbox-size));
          user-select: none;
          opacity: 1;
          cursor: pointer;
        }
      </style><input type=\\"checkbox\\"><span class=\\"text\\">large</span><style>
          label {
            --checkbox-size: 1.125rem;
            display: inline-flex;
            justify-content: center;
            align-items: center;
            width: auto;
            cursor: pointer;
            opacity: 1;
            height: var(--checkbox-size);
            line-height: var(--checkbox-size);
          }

          .text {
            font-size: var(--checkbox-size);
            line-height: var(--checkbox-size);
            padding-left: calc(var(--checkbox-size) * 0.57);
            user-select: none;
            cursor: pointer;
          }

          input {
            opacity: 0;
            outline: none;
            position: absolute;
            width: 0;
            height: 0;
            margin: 0;
            padding: 0;
            z-index: -1;
            background-color: transparent;
          }
        </style></label></div>"
`;
