// Jest Snapshot v1, https://goo.gl/fbAQLP

exports[`AutoComplete should render correctly 1`] = `<ScaleGeistAutoComplete />`;
