// Jest Snapshot v1, https://goo.gl/fbAQLP

exports[`Col should render correctly 1`] = `ReactWrapper {}`;

exports[`Col should work with span and offset 1`] = `
initialize {
  "0": Node {
    "attribs": Object {},
    "children": Array [
      Node {
        "attribs": Object {
          "class": "col ",
        },
        "children": Array [
          Node {
            "data": "col",
            "next": Node {
              "attribs": Object {},
              "children": Array [
                Node {
                  "data": "
        .col {
          float: left;
          box-sizing: border-box;
          padding-left: calc(var(--row-gap) / 2);
          padding-right: calc(var(--row-gap) / 2);
          width: 8.333333333333334%;
          margin-left: 0%;
        }
      ",
                  "next": null,
                  "parent": [Circular],
                  "prev": null,
                  "type": "text",
                },
              ],
              "name": "style",
              "namespace": "http://www.w3.org/1999/xhtml",
              "next": null,
              "parent": [Circular],
              "prev": [Circular],
              "type": "style",
              "x-attribsNamespace": Object {},
              "x-attribsPrefix": Object {},
            },
            "parent": [Circular],
            "prev": null,
            "type": "text",
          },
          Node {
            "attribs": Object {},
            "children": Array [
              Node {
                "data": "
        .col {
          float: left;
          box-sizing: border-box;
          padding-left: calc(var(--row-gap) / 2);
          padding-right: calc(var(--row-gap) / 2);
          width: 8.333333333333334%;
          margin-left: 0%;
        }
      ",
                "next": null,
                "parent": [Circular],
                "prev": null,
                "type": "text",
              },
            ],
            "name": "style",
            "namespace": "http://www.w3.org/1999/xhtml",
            "next": null,
            "parent": [Circular],
            "prev": Node {
              "data": "col",
              "next": [Circular],
              "parent": [Circular],
              "prev": null,
              "type": "text",
            },
            "type": "style",
            "x-attribsNamespace": Object {},
            "x-attribsPrefix": Object {},
          },
        ],
        "name": "div",
        "namespace": "http://www.w3.org/1999/xhtml",
        "next": Node {
          "attribs": Object {
            "class": "col ",
          },
          "children": Array [
            Node {
              "data": "col",
              "next": Node {
                "attribs": Object {},
                "children": Array [
                  Node {
                    "data": "
        .col {
          float: left;
          box-sizing: border-box;
          padding-left: calc(var(--row-gap) / 2);
          padding-right: calc(var(--row-gap) / 2);
          width: 8.333333333333334%;
          margin-left: 8.333333333333334%;
        }
      ",
                    "next": null,
                    "parent": [Circular],
                    "prev": null,
                    "type": "text",
                  },
                ],
                "name": "style",
                "namespace": "http://www.w3.org/1999/xhtml",
                "next": null,
                "parent": [Circular],
                "prev": [Circular],
                "type": "style",
                "x-attribsNamespace": Object {},
                "x-attribsPrefix": Object {},
              },
              "parent": [Circular],
              "prev": null,
              "type": "text",
            },
            Node {
              "attribs": Object {},
              "children": Array [
                Node {
                  "data": "
        .col {
          float: left;
          box-sizing: border-box;
          padding-left: calc(var(--row-gap) / 2);
          padding-right: calc(var(--row-gap) / 2);
          width: 8.333333333333334%;
          margin-left: 8.333333333333334%;
        }
      ",
                  "next": null,
                  "parent": [Circular],
                  "prev": null,
                  "type": "text",
                },
              ],
              "name": "style",
              "namespace": "http://www.w3.org/1999/xhtml",
              "next": null,
              "parent": [Circular],
              "prev": Node {
                "data": "col",
                "next": [Circular],
                "parent": [Circular],
                "prev": null,
                "type": "text",
              },
              "type": "style",
              "x-attribsNamespace": Object {},
              "x-attribsPrefix": Object {},
            },
          ],
          "name": "div",
          "namespace": "http://www.w3.org/1999/xhtml",
          "next": null,
          "parent": [Circular],
          "prev": [Circular],
          "type": "tag",
          "x-attribsNamespace": Object {
            "class": undefined,
          },
          "x-attribsPrefix": Object {
            "class": undefined,
          },
        },
        "parent": [Circular],
        "prev": null,
        "type": "tag",
        "x-attribsNamespace": Object {
          "class": undefined,
        },
        "x-attribsPrefix": Object {
          "class": undefined,
        },
      },
      Node {
        "attribs": Object {
          "class": "col ",
        },
        "children": Array [
          Node {
            "data": "col",
            "next": Node {
              "attribs": Object {},
              "children": Array [
                Node {
                  "data": "
        .col {
          float: left;
          box-sizing: border-box;
          padding-left: calc(var(--row-gap) / 2);
          padding-right: calc(var(--row-gap) / 2);
          width: 8.333333333333334%;
          margin-left: 8.333333333333334%;
        }
      ",
                  "next": null,
                  "parent": [Circular],
                  "prev": null,
                  "type": "text",
                },
              ],
              "name": "style",
              "namespace": "http://www.w3.org/1999/xhtml",
              "next": null,
              "parent": [Circular],
              "prev": [Circular],
              "type": "style",
              "x-attribsNamespace": Object {},
              "x-attribsPrefix": Object {},
            },
            "parent": [Circular],
            "prev": null,
            "type": "text",
          },
          Node {
            "attribs": Object {},
            "children": Array [
              Node {
                "data": "
        .col {
          float: left;
          box-sizing: border-box;
          padding-left: calc(var(--row-gap) / 2);
          padding-right: calc(var(--row-gap) / 2);
          width: 8.333333333333334%;
          margin-left: 8.333333333333334%;
        }
      ",
                "next": null,
                "parent": [Circular],
                "prev": null,
                "type": "text",
              },
            ],
            "name": "style",
            "namespace": "http://www.w3.org/1999/xhtml",
            "next": null,
            "parent": [Circular],
            "prev": Node {
              "data": "col",
              "next": [Circular],
              "parent": [Circular],
              "prev": null,
              "type": "text",
            },
            "type": "style",
            "x-attribsNamespace": Object {},
            "x-attribsPrefix": Object {},
          },
        ],
        "name": "div",
        "namespace": "http://www.w3.org/1999/xhtml",
        "next": null,
        "parent": [Circular],
        "prev": Node {
          "attribs": Object {
            "class": "col ",
          },
          "children": Array [
            Node {
              "data": "col",
              "next": Node {
                "attribs": Object {},
                "children": Array [
                  Node {
                    "data": "
        .col {
          float: left;
          box-sizing: border-box;
          padding-left: calc(var(--row-gap) / 2);
          padding-right: calc(var(--row-gap) / 2);
          width: 8.333333333333334%;
          margin-left: 0%;
        }
      ",
                    "next": null,
                    "parent": [Circular],
                    "prev": null,
                    "type": "text",
                  },
                ],
                "name": "style",
                "namespace": "http://www.w3.org/1999/xhtml",
                "next": null,
                "parent": [Circular],
                "prev": [Circular],
                "type": "style",
                "x-attribsNamespace": Object {},
                "x-attribsPrefix": Object {},
              },
              "parent": [Circular],
              "prev": null,
              "type": "text",
            },
            Node {
              "attribs": Object {},
              "children": Array [
                Node {
                  "data": "
        .col {
          float: left;
          box-sizing: border-box;
          padding-left: calc(var(--row-gap) / 2);
          padding-right: calc(var(--row-gap) / 2);
          width: 8.333333333333334%;
          margin-left: 0%;
        }
      ",
                  "next": null,
                  "parent": [Circular],
                  "prev": null,
                  "type": "text",
                },
              ],
              "name": "style",
              "namespace": "http://www.w3.org/1999/xhtml",
              "next": null,
              "parent": [Circular],
              "prev": Node {
                "data": "col",
                "next": [Circular],
                "parent": [Circular],
                "prev": null,
                "type": "text",
              },
              "type": "style",
              "x-attribsNamespace": Object {},
              "x-attribsPrefix": Object {},
            },
          ],
          "name": "div",
          "namespace": "http://www.w3.org/1999/xhtml",
          "next": [Circular],
          "parent": [Circular],
          "prev": null,
          "type": "tag",
          "x-attribsNamespace": Object {
            "class": undefined,
          },
          "x-attribsPrefix": Object {
            "class": undefined,
          },
        },
        "type": "tag",
        "x-attribsNamespace": Object {
          "class": undefined,
        },
        "x-attribsPrefix": Object {
          "class": undefined,
        },
      },
    ],
    "name": "div",
    "namespace": "http://www.w3.org/1999/xhtml",
    "next": null,
    "parent": Node {
      "children": Array [
        [Circular],
      ],
      "name": "root",
      "next": null,
      "parent": null,
      "prev": null,
      "type": "root",
    },
    "prev": null,
    "type": "tag",
    "x-attribsNamespace": Object {},
    "x-attribsPrefix": Object {},
  },
  "_root": [Circular],
  "length": 1,
  "options": Object {
    "decodeEntities": true,
    "xml": false,
  },
}
`;
